
[31m✘[39m vite v7.1.9 is [31mnot yet supported[39m in the Community edition of [33mConsole Ninja[39m.
We are working hard on it for you [36mhttps://tinyurl.com/3h9mtwra[39m.

Estimated release dates:
  - Community users: [36maround 2nd December, 2025 [1m(subject to team availability)[22m[39m
[33m  - PRO users[39m:       [1m[32mpriority access is available now[39m[22m

Port 3000 is in use, trying another one...

  [32m[1mVITE[22m v7.1.9[39m  [2mready in [0m[1m1086[22m[2m[0m ms[22m

  [32m➜[39m  [1mLocal[22m:   [36mhttp://localhost:[1m3001[22m/[39m
[2m  [32m➜[39m  [1mNetwork[22m[2m: use [22m[1m--host[22m[2m to expose[22m
[2m[32m  ➜[39m[22m[2m  press [22m[1mh + enter[22m[2m to show help[22m
[vite] connected.
Error: Cannot find module 'cloudflare:workers' imported from '/Users/am/Coding/git/ztunes/apps/web/src/routes/api/zero/mutate.ts'
    at fetchModule (file:///Users/am/Coding/git/ztunes/node_modules/[4m.bun[24m/vite@7.1.9+571ea2fe55c1596e/node_modules/[4mvite[24m/dist/node/chunks/dep-Chhhsdoe.js:34331:34)
[90m    ... 8 lines matching cause stack trace ...[39m
    at ModuleRunner.getModuleInformation (file:///Users/am/Coding/git/ztunes/node_modules/[4m.bun[24m/vite@7.1.9+571ea2fe55c1596e/node_modules/[4mvite[24m/dist/node/module-runner.js:1053:28) {
  cause: Error: Cannot find module 'cloudflare:workers' imported from '/Users/am/Coding/git/ztunes/apps/web/src/routes/api/zero/mutate.ts'
      at fetchModule (file:///Users/am/Coding/git/ztunes/node_modules/[4m.bun[24m/vite@7.1.9+571ea2fe55c1596e/node_modules/[4mvite[24m/dist/node/chunks/dep-Chhhsdoe.js:34331:34)
      at RunnableDevEnvironment.fetchModule (file:///Users/am/Coding/git/ztunes/node_modules/[4m.bun[24m/vite@7.1.9+571ea2fe55c1596e/node_modules/[4mvite[24m/dist/node/chunks/dep-Chhhsdoe.js:35167:10)
      at fetchModule (file:///Users/am/Coding/git/ztunes/node_modules/[4m.bun[24m/vite@7.1.9+571ea2fe55c1596e/node_modules/[4mvite[24m/dist/node/chunks/dep-Chhhsdoe.js:35136:16)
      at handleInvoke (file:///Users/am/Coding/git/ztunes/node_modules/[4m.bun[24m/vite@7.1.9+571ea2fe55c1596e/node_modules/[4mvite[24m/dist/node/chunks/dep-Chhhsdoe.js:28514:27)
      at EventEmitter.listenerForInvokeHandler (file:///Users/am/Coding/git/ztunes/node_modules/[4m.bun[24m/vite@7.1.9+571ea2fe55c1596e/node_modules/[4mvite[24m/dist/node/chunks/dep-Chhhsdoe.js:28573:19)
  [90m    at EventEmitter.emit (node:events:518:28)[39m
      at Object.send (file:///Users/am/Coding/git/ztunes/node_modules/[4m.bun[24m/vite@7.1.9+571ea2fe55c1596e/node_modules/[4mvite[24m/dist/node/chunks/dep-Chhhsdoe.js:18548:39)
      at Object.invoke (file:///Users/am/Coding/git/ztunes/node_modules/[4m.bun[24m/vite@7.1.9+571ea2fe55c1596e/node_modules/[4mvite[24m/dist/node/module-runner.js:533:31)
      at Object.invoke (file:///Users/am/Coding/git/ztunes/node_modules/[4m.bun[24m/vite@7.1.9+571ea2fe55c1596e/node_modules/[4mvite[24m/dist/node/module-runner.js:582:31)
      at ModuleRunner.getModuleInformation (file:///Users/am/Coding/git/ztunes/node_modules/[4m.bun[24m/vite@7.1.9+571ea2fe55c1596e/node_modules/[4mvite[24m/dist/node/module-runner.js:1053:28) {
    code: [32m'ERR_MODULE_NOT_FOUND'[39m,
    runnerError: Error: RunnerError
        at reviveInvokeError (file:///Users/am/Coding/git/ztunes/node_modules/[4m.bun[24m/vite@7.1.9+571ea2fe55c1596e/node_modules/[4mvite[24m/dist/node/module-runner.js:474:64)
        at Object.invoke (file:///Users/am/Coding/git/ztunes/node_modules/[4m.bun[24m/vite@7.1.9+571ea2fe55c1596e/node_modules/[4mvite[24m/dist/node/module-runner.js:547:11)
        at async ModuleRunner.getModuleInformation (file:///Users/am/Coding/git/ztunes/node_modules/[4m.bun[24m/vite@7.1.9+571ea2fe55c1596e/node_modules/[4mvite[24m/dist/node/module-runner.js:1053:7)
        at async request (file:///Users/am/Coding/git/ztunes/node_modules/[4m.bun[24m/vite@7.1.9+571ea2fe55c1596e/node_modules/[4mvite[24m/dist/node/module-runner.js:1070:83)
        at async eval [90m(/Users/am/Coding/git/ztunes/apps/web/[39msrc/routes/api/zero/mutate.ts:1:1[90m)[39m
        at async ESModulesEvaluator.runInlinedModule (file:///Users/am/Coding/git/ztunes/node_modules/[4m.bun[24m/vite@7.1.9+571ea2fe55c1596e/node_modules/[4mvite[24m/dist/node/module-runner.js:906:3)
        at async ModuleRunner.directRequest (file:///Users/am/Coding/git/ztunes/node_modules/[4m.bun[24m/vite@7.1.9+571ea2fe55c1596e/node_modules/[4mvite[24m/dist/node/module-runner.js:1113:59)
        at async ModuleRunner.cachedRequest (file:///Users/am/Coding/git/ztunes/node_modules/[4m.bun[24m/vite@7.1.9+571ea2fe55c1596e/node_modules/[4mvite[24m/dist/node/module-runner.js:1031:73)
        at async eval [90m(/Users/am/Coding/git/ztunes/apps/web/[39msrc/routeTree.gen.ts:16:1[90m)[39m
        at async ESModulesEvaluator.runInlinedModule (file:///Users/am/Coding/git/ztunes/node_modules/[4m.bun[24m/vite@7.1.9+571ea2fe55c1596e/node_modules/[4mvite[24m/dist/node/module-runner.js:906:3)
  },
  status: [33m500[39m,
  statusText: [90mundefined[39m,
  headers: [90mundefined[39m,
  data: [90mundefined[39m,
  body: [90mundefined[39m,
  unhandled: [33mtrue[39m
}
Error: Cannot find module 'cloudflare:workers' imported from '/Users/am/Coding/git/ztunes/apps/web/src/routes/api/zero/mutate.ts'
    at fetchModule (file:///Users/am/Coding/git/ztunes/node_modules/[4m.bun[24m/vite@7.1.9+571ea2fe55c1596e/node_modules/[4mvite[24m/dist/node/chunks/dep-Chhhsdoe.js:34331:34)
[90m    ... 8 lines matching cause stack trace ...[39m
    at ModuleRunner.getModuleInformation (file:///Users/am/Coding/git/ztunes/node_modules/[4m.bun[24m/vite@7.1.9+571ea2fe55c1596e/node_modules/[4mvite[24m/dist/node/module-runner.js:1053:28) {
  cause: Error: Cannot find module 'cloudflare:workers' imported from '/Users/am/Coding/git/ztunes/apps/web/src/routes/api/zero/mutate.ts'
      at fetchModule (file:///Users/am/Coding/git/ztunes/node_modules/[4m.bun[24m/vite@7.1.9+571ea2fe55c1596e/node_modules/[4mvite[24m/dist/node/chunks/dep-Chhhsdoe.js:34331:34)
      at RunnableDevEnvironment.fetchModule (file:///Users/am/Coding/git/ztunes/node_modules/[4m.bun[24m/vite@7.1.9+571ea2fe55c1596e/node_modules/[4mvite[24m/dist/node/chunks/dep-Chhhsdoe.js:35167:10)
      at fetchModule (file:///Users/am/Coding/git/ztunes/node_modules/[4m.bun[24m/vite@7.1.9+571ea2fe55c1596e/node_modules/[4mvite[24m/dist/node/chunks/dep-Chhhsdoe.js:35136:16)
      at handleInvoke (file:///Users/am/Coding/git/ztunes/node_modules/[4m.bun[24m/vite@7.1.9+571ea2fe55c1596e/node_modules/[4mvite[24m/dist/node/chunks/dep-Chhhsdoe.js:28514:27)
      at EventEmitter.listenerForInvokeHandler (file:///Users/am/Coding/git/ztunes/node_modules/[4m.bun[24m/vite@7.1.9+571ea2fe55c1596e/node_modules/[4mvite[24m/dist/node/chunks/dep-Chhhsdoe.js:28573:19)
  [90m    at EventEmitter.emit (node:events:518:28)[39m
      at Object.send (file:///Users/am/Coding/git/ztunes/node_modules/[4m.bun[24m/vite@7.1.9+571ea2fe55c1596e/node_modules/[4mvite[24m/dist/node/chunks/dep-Chhhsdoe.js:18548:39)
      at Object.invoke (file:///Users/am/Coding/git/ztunes/node_modules/[4m.bun[24m/vite@7.1.9+571ea2fe55c1596e/node_modules/[4mvite[24m/dist/node/module-runner.js:533:31)
      at Object.invoke (file:///Users/am/Coding/git/ztunes/node_modules/[4m.bun[24m/vite@7.1.9+571ea2fe55c1596e/node_modules/[4mvite[24m/dist/node/module-runner.js:582:31)
      at ModuleRunner.getModuleInformation (file:///Users/am/Coding/git/ztunes/node_modules/[4m.bun[24m/vite@7.1.9+571ea2fe55c1596e/node_modules/[4mvite[24m/dist/node/module-runner.js:1053:28) {
    code: [32m'ERR_MODULE_NOT_FOUND'[39m,
    runnerError: Error: RunnerError
        at reviveInvokeError (file:///Users/am/Coding/git/ztunes/node_modules/[4m.bun[24m/vite@7.1.9+571ea2fe55c1596e/node_modules/[4mvite[24m/dist/node/module-runner.js:474:64)
        at Object.invoke (file:///Users/am/Coding/git/ztunes/node_modules/[4m.bun[24m/vite@7.1.9+571ea2fe55c1596e/node_modules/[4mvite[24m/dist/node/module-runner.js:547:11)
        at async ModuleRunner.getModuleInformation (file:///Users/am/Coding/git/ztunes/node_modules/[4m.bun[24m/vite@7.1.9+571ea2fe55c1596e/node_modules/[4mvite[24m/dist/node/module-runner.js:1053:7)
        at async request (file:///Users/am/Coding/git/ztunes/node_modules/[4m.bun[24m/vite@7.1.9+571ea2fe55c1596e/node_modules/[4mvite[24m/dist/node/module-runner.js:1070:83)
        at async eval [90m(/Users/am/Coding/git/ztunes/apps/web/[39msrc/routes/api/zero/mutate.ts:1:1[90m)[39m
        at async ESModulesEvaluator.runInlinedModule (file:///Users/am/Coding/git/ztunes/node_modules/[4m.bun[24m/vite@7.1.9+571ea2fe55c1596e/node_modules/[4mvite[24m/dist/node/module-runner.js:906:3)
        at async ModuleRunner.directRequest (file:///Users/am/Coding/git/ztunes/node_modules/[4m.bun[24m/vite@7.1.9+571ea2fe55c1596e/node_modules/[4mvite[24m/dist/node/module-runner.js:1113:59)
        at async ModuleRunner.cachedRequest (file:///Users/am/Coding/git/ztunes/node_modules/[4m.bun[24m/vite@7.1.9+571ea2fe55c1596e/node_modules/[4mvite[24m/dist/node/module-runner.js:1031:73)
        at async eval [90m(/Users/am/Coding/git/ztunes/apps/web/[39msrc/routeTree.gen.ts:16:1[90m)[39m
        at async ESModulesEvaluator.runInlinedModule (file:///Users/am/Coding/git/ztunes/node_modules/[4m.bun[24m/vite@7.1.9+571ea2fe55c1596e/node_modules/[4mvite[24m/dist/node/module-runner.js:906:3)
  },
  status: [33m500[39m,
  statusText: [90mundefined[39m,
  headers: [90mundefined[39m,
  data: [90mundefined[39m,
  body: [90mundefined[39m,
  unhandled: [33mtrue[39m
}
